
> badminton-matcher@0.1.0 build
> next build

   ??Next.js 15.4.1
   - Environments: .env.local
   - Experiments (use with caution):
     쨌 optimizePackageImports

   Creating an optimized production build ...
 ??Compiled successfully in 7.0s
   Linting and checking validity of types ...
node.exe :  ??No ESLint configuration detected. Run next lint to begin setup
위치 C:\Program Files\nodejs\npm.ps1:29 문자:3
+   & $NODE_EXE $NPM_CLI_JS $args
+   ~~~~~~~~~~~~~~~~~~~~~~~~~~~~~
    + CategoryInfo          : NotSpecified: ( ??No ESLint co... to begin setup:String) [], RemoteException
    + FullyQualifiedErrorId : NativeCommandError
 
Failed to compile.

./src/app/players/page.tsx:615:14
Type error: Property 'onManualAssign' is missing in type '{ todayPlayers: ExtendedPlayer[] | null; perPlaye
rMinGames: number; setPerPlayerMinGames: Dispatch<SetStateAction<number>>; onGenerateByLevel: () => Promise
<...>; onGenerateRandom: () => Promise<...>; onGenerateMixed: () => Promise<...>; }' but required in type '
MatchGenerationControlsProps'.

[0m [90m 613 |[39m             [33m<[39m[33m/[39m[33mdiv[39m[33m>[39m
 [90m 614 |[39m             
[31m[1m>[22m[39m[90m 615 |[39m             [33m<[39m[33mMatchGenerationControls[39m
 [90m     |[39m              [31m[1m^[22m[39m
 [90m 616 |[39m               todayPlayers[33m=[39m{todayPlayers}
 [90m 617 |[39m               perPlayerMinGames[33m=[39m{perPlayerMinGames}
 [90m 618 |[39m               setPerPlayerMinGames[33m=[39m{setPerPlayerMinGames}[0m
Next.js build worker exited with code: 1 and signal: null
